{
    "id": 3,
    "description": "Updated todo",
    "position": 150,
    "completed": false,
    "created_at": "2024-01-01T00:00:00Z",
    "updated_at": "2024-01-01T00:00:00Z"
}