{
    "id": 1,
    "description": "Updated todo",
    "position": 100,
    "completed": true,
    "created_at": "2024-01-01T00:00:00Z",
    "updated_at": "2024-01-01T00:00:00Z"
}