{
    "description": "Updated todo",
    "completed": true,
    "position": 100
}