{
  "user_id": "user-id-123",
  "access_token": "access-token-123"
}