{
  "email": "test@example.com",
  "password": "securepassword"
}