{
  "error": "The server encountered unexpected error"
}